{"servers":{},"roles":{},"default_server":"","default_role":""}